[debug] [2026-04-15T03:25:56.468Z] ----------------------------------------------------------------------
[debug] [2026-04-15T03:25:56.472Z] Command:       C:\Program Files\nodejs\node.exe C:\Users\aafad\AppData\Roaming\npm\node_modules\firebase-tools\lib\bin\firebase.js init
[debug] [2026-04-15T03:25:56.472Z] CLI Version:   15.14.0
[debug] [2026-04-15T03:25:56.472Z] Platform:      win32
[debug] [2026-04-15T03:25:56.472Z] Node Version:  v24.13.1
[debug] [2026-04-15T03:25:56.472Z] Time:          Wed Apr 15 2026 10:25:56 GMT+0700 (Western Indonesia Time)
[debug] [2026-04-15T03:25:56.473Z] ----------------------------------------------------------------------
[debug] 
[info] 
     ######## #### ########  ######## ########     ###     ######  ########
     ##        ##  ##     ## ##       ##     ##  ##   ##  ##       ##
     ######    ##  ########  ######   ########  #########  ######  ######
     ##        ##  ##    ##  ##       ##     ## ##     ##       ## ##
     ##       #### ##     ## ######## ########  ##     ##  ######  ########

You're about to initialize a Firebase project in this directory:

  D:\Pemrograman_Berbasis_Framework_Semester_6\my-app

[debug] [2026-04-15T03:26:43.035Z] ExitPromptError: User force closed the prompt with SIGINT
    at Interface.sigint (C:\Users\aafad\AppData\Roaming\npm\node_modules\firebase-tools\node_modules\@inquirer\core\dist\commonjs\lib\create-prompt.js:101:37)
    at Interface.emit (node:events:508:28)
    at [_ttyWrite] [as _ttyWrite] (node:internal/readline/interface:1327:18)
    at ReadStream.onkeypress (node:internal/readline/interface:284:20)
    at ReadStream.emit (node:events:520:35)
    at emitKeys (node:internal/readline/utils:371:14)
    at emitKeys.next (<anonymous>)
    at ReadStream.onData (node:internal/readline/emitKeypressEvents:64:36)
    at ReadStream.emit (node:events:508:28)
    at addChunk (node:internal/streams/readable:559:12)
[error] 
[error] Error: An unexpected error has occurred.
